// Jest Snapshot v1, https://goo.gl/fbAQLP

exports[`<NavBrand /> should render without crahsing 1`] = `
ShallowWrapper {
  Symbol(enzyme.__root__): [Circular],
  Symbol(enzyme.__unrendered__): <NavBrand />,
  Symbol(enzyme.__renderer__): Object {
    "batchedUpdates": [Function],
    "checkPropTypes": [Function],
    "getNode": [Function],
    "render": [Function],
    "simulateError": [Function],
    "simulateEvent": [Function],
    "unmount": [Function],
  },
  Symbol(enzyme.__node__): Object {
    "instance": null,
    "key": undefined,
    "nodeType": "function",
    "props": Object {
      "activeClassName": "active",
      "aria-current": "page",
      "children": Array [
        <h1
          className="nav-brand-font"
        >
          GET SWOLE
        </h1>,
        <img
          alt="Logo of strong arm"
          className="nav-brand-img"
          src="strong-white.png"
        />,
      ],
      "className": "nav-brand",
      "onClick": undefined,
      "to": "/",
    },
    "ref": null,
    "rendered": Array [
      Object {
        "instance": null,
        "key": undefined,
        "nodeType": "host",
        "props": Object {
          "children": "GET SWOLE",
          "className": "nav-brand-font",
        },
        "ref": null,
        "rendered": "GET SWOLE",
        "type": "h1",
      },
      Object {
        "instance": null,
        "key": undefined,
        "nodeType": "host",
        "props": Object {
          "alt": "Logo of strong arm",
          "className": "nav-brand-img",
          "src": "strong-white.png",
        },
        "ref": null,
        "rendered": null,
        "type": "img",
      },
    ],
    "type": [Function],
  },
  Symbol(enzyme.__nodes__): Array [
    Object {
      "instance": null,
      "key": undefined,
      "nodeType": "function",
      "props": Object {
        "activeClassName": "active",
        "aria-current": "page",
        "children": Array [
          <h1
            className="nav-brand-font"
          >
            GET SWOLE
          </h1>,
          <img
            alt="Logo of strong arm"
            className="nav-brand-img"
            src="strong-white.png"
          />,
        ],
        "className": "nav-brand",
        "onClick": undefined,
        "to": "/",
      },
      "ref": null,
      "rendered": Array [
        Object {
          "instance": null,
          "key": undefined,
          "nodeType": "host",
          "props": Object {
            "children": "GET SWOLE",
            "className": "nav-brand-font",
          },
          "ref": null,
          "rendered": "GET SWOLE",
          "type": "h1",
        },
        Object {
          "instance": null,
          "key": undefined,
          "nodeType": "host",
          "props": Object {
            "alt": "Logo of strong arm",
            "className": "nav-brand-img",
            "src": "strong-white.png",
          },
          "ref": null,
          "rendered": null,
          "type": "img",
        },
      ],
      "type": [Function],
    },
  ],
  Symbol(enzyme.__options__): Object {
    "adapter": ReactSixteenAdapter {
      "options": Object {
        "enableComponentDidUpdateOnSetState": true,
        "legacyContextMode": "parent",
        "lifecycles": Object {
          "componentDidUpdate": Object {
            "onSetState": true,
          },
          "getChildContext": Object {
            "calledByRenderer": false,
          },
          "getDerivedStateFromError": true,
          "getDerivedStateFromProps": Object {
            "hasShouldComponentUpdateBug": false,
          },
          "getSnapshotBeforeUpdate": true,
          "setState": Object {
            "skipsComponentDidUpdateOnNullish": true,
          },
        },
      },
    },
  },
}
`;
